/Users/ale/Documents/MCUXpressoIDE_11.10.0_3148/workspace/CMSISv2p00_LPC17xx/inc/core_cm3.h:928:22:NVIC_EnableIRQ	16	static
/Users/ale/Documents/MCUXpressoIDE_11.10.0_3148/workspace/CMSISv2p00_LPC17xx/inc/core_cm3.h:1012:22:NVIC_SetPriority	16	static
/Users/ale/Documents/MCUXpressoIDE_11.10.0_3148/workspace/CMSISv2p00_LPC17xx/inc/core_cm3.h:1137:26:SysTick_Config	16	static
../src/EjercicioGuia11.c:20:5:main	8	static
../src/EjercicioGuia11.c:30:6:Systick_Handler	4	static
../src/EjercicioGuia11.c:46:6:EINT0_IRQHandler	4	static
../src/EjercicioGuia11.c:54:6:configPin	4	static
../src/EjercicioGuia11.c:62:6:configInt	8	static
