/Users/ale/Documents/MCUXpressoIDE_11.10.0_3148/workspace/CMSISv2p00_LPC17xx/inc/core_cm3.h:1012:22:NVIC_SetPriority	16	static
/Users/ale/Documents/MCUXpressoIDE_11.10.0_3148/workspace/CMSISv2p00_LPC17xx/inc/core_cm3.h:1137:26:SysTick_Config	16	static
../src/Ejerciciodeclase.c:27:5:main	16	static
../src/Ejerciciodeclase.c:50:6:Systick_Handler	4	static
../src/Ejerciciodeclase.c:69:6:configPin	4	static
../src/Ejerciciodeclase.c:78:6:configSystick	8	static
../src/Ejerciciodeclase.c:84:5:read_pin_value	4	static
